Checking rust/scripts/build-docs-site.rs
    Blocking waiting for file lock on package cache
    Finished `dev` profile [unoptimized + debuginfo] target(s) in 0.01s
Checking rust/scripts/bump-version.rs
    Finished `dev` profile [unoptimized + debuginfo] target(s) in 0.01s
Checking rust/scripts/check-changelog-fragment.rs
    Finished `dev` profile [unoptimized + debuginfo] target(s) in 0.01s
Checking rust/scripts/check-file-size.rs
    Finished `dev` profile [unoptimized + debuginfo] target(s) in 0.01s
Checking rust/scripts/check-release-needed.rs
    Finished `dev` profile [unoptimized + debuginfo] target(s) in 0.05s
Checking rust/scripts/check-version-modification.rs
    Finished `dev` profile [unoptimized + debuginfo] target(s) in 0.01s
Checking rust/scripts/collect-changelog.rs
    Finished `dev` profile [unoptimized + debuginfo] target(s) in 0.01s
Checking rust/scripts/create-changelog-fragment.rs
    Finished `dev` profile [unoptimized + debuginfo] target(s) in 0.01s
Checking rust/scripts/create-github-release.rs
    Finished `dev` profile [unoptimized + debuginfo] target(s) in 0.02s
Checking rust/scripts/detect-code-changes.rs
    Finished `dev` profile [unoptimized + debuginfo] target(s) in 0.01s
Checking rust/scripts/get-bump-type.rs
    Finished `dev` profile [unoptimized + debuginfo] target(s) in 0.01s
Checking rust/scripts/get-version.rs
    Finished `dev` profile [unoptimized + debuginfo] target(s) in 0.01s
Checking rust/scripts/git-config.rs
    Finished `dev` profile [unoptimized + debuginfo] target(s) in 0.01s
Checking rust/scripts/publish-crate.rs
    Finished `dev` profile [unoptimized + debuginfo] target(s) in 0.04s
Checking rust/scripts/version-and-commit.rs
    Checking version-and-commit_d804f37cc68ccc55eb932dfe v0.1.0 (/home/box/.cache/rust-script/projects/d804f37cc68ccc55eb932dfe)
    Finished `dev` profile [unoptimized + debuginfo] target(s) in 0.24s
Checking rust/scripts/wait-for-crate.rs
    Finished `dev` profile [unoptimized + debuginfo] target(s) in 0.04s
