Checking rust/scripts/build-docs-site.rs
    Checking build-docs-site_a7d182d1652617688f8aa8d5 v0.1.0 (/home/box/.cache/rust-script/projects/a7d182d1652617688f8aa8d5)
    Finished `dev` profile [unoptimized + debuginfo] target(s) in 0.11s
Checking rust/scripts/bump-version.rs
    Updating crates.io index
     Locking 5 packages to latest compatible versions
    Checking memchr v2.8.0
    Checking regex-syntax v0.8.10
    Checking aho-corasick v1.1.4
    Checking regex-automata v0.4.14
    Checking regex v1.12.3
    Checking bump-version_449c41d307bbd0ddeb779b96 v0.1.0 (/home/box/.cache/rust-script/projects/449c41d307bbd0ddeb779b96)
    Finished `dev` profile [unoptimized + debuginfo] target(s) in 2.58s
Checking rust/scripts/check-changelog-fragment.rs
    Updating crates.io index
     Locking 5 packages to latest compatible versions
    Checking memchr v2.8.0
    Checking regex-syntax v0.8.10
    Checking aho-corasick v1.1.4
    Checking regex-automata v0.4.14
    Checking regex v1.12.3
    Checking check-changelog-fragment_e3765aea6a7951fbabb97c55 v0.1.0 (/home/box/.cache/rust-script/projects/e3765aea6a7951fbabb97c55)
    Finished `dev` profile [unoptimized + debuginfo] target(s) in 2.79s
Checking rust/scripts/check-file-size.rs
    Updating crates.io index
     Locking 5 packages to latest compatible versions
    Checking same-file v1.0.6
    Checking walkdir v2.5.0
    Checking check-file-size_283f879f03679960340cc9ee v0.1.0 (/home/box/.cache/rust-script/projects/283f879f03679960340cc9ee)
    Finished `dev` profile [unoptimized + debuginfo] target(s) in 0.36s
Checking rust/scripts/check-release-needed.rs
    Updating crates.io index
     Locking 78 packages to latest compatible versions
      Adding ureq v2.12.1 (available: v3.3.0)
   Compiling proc-macro2 v1.0.106
   Compiling unicode-ident v1.0.24
   Compiling quote v1.0.45
    Checking stable_deref_trait v1.2.1
   Compiling find-msvc-tools v0.1.9
    Checking litemap v0.8.2
    Checking writeable v0.6.3
   Compiling shlex v1.3.0
    Checking utf8_iter v1.0.4
   Compiling icu_normalizer_data v2.2.0
   Compiling icu_properties_data v2.2.0
   Compiling cc v1.2.62
   Compiling libc v0.2.186
    Checking cfg-if v1.0.4
    Checking zeroize v1.8.2
    Checking smallvec v1.15.1
    Checking rustls-pki-types v1.14.1
   Compiling serde_core v1.0.228
   Compiling crc32fast v1.5.0
    Checking untrusted v0.9.0
    Checking memchr v2.8.0
    Checking simd-adler32 v0.3.9
    Checking adler2 v2.0.1
   Compiling zmij v1.0.21
   Compiling syn v2.0.117
    Checking percent-encoding v2.3.2
   Compiling rustls v0.23.40
    Checking form_urlencoded v1.2.2
    Checking aho-corasick v1.1.4
    Checking miniz_oxide v0.8.9
    Checking getrandom v0.2.17
    Checking webpki-roots v1.0.7
    Checking log v0.4.29
    Checking once_cell v1.21.4
   Compiling ring v0.17.14
   Compiling serde v1.0.228
    Checking regex-syntax v0.8.10
   Compiling serde_json v1.0.149
    Checking subtle v2.6.1
    Checking webpki-roots v0.26.11
    Checking flate2 v1.1.9
    Checking itoa v1.0.18
    Checking base64 v0.22.1
   Compiling synstructure v0.13.2
    Checking regex-automata v0.4.14
   Compiling zerofrom-derive v0.1.7
   Compiling yoke-derive v0.8.2
   Compiling zerovec-derive v0.11.3
   Compiling displaydoc v0.2.5
    Checking zerofrom v0.1.8
   Compiling serde_derive v1.0.228
    Checking yoke v0.8.2
    Checking zerotrie v0.2.4
    Checking zerovec v0.11.6
    Checking regex v1.12.3
    Checking tinystr v0.8.3
    Checking potential_utf v0.1.5
    Checking icu_collections v2.2.0
    Checking icu_locale_core v2.2.0
    Checking icu_provider v2.2.0
    Checking rustls-webpki v0.103.13
    Checking icu_normalizer v2.2.0
    Checking icu_properties v2.2.0
    Checking idna_adapter v1.2.2
    Checking idna v1.1.0
    Checking url v2.5.8
    Checking ureq v2.12.1
    Checking check-release-needed_9a5a28b2422369591324ee76 v0.1.0 (/home/box/.cache/rust-script/projects/9a5a28b2422369591324ee76)
    Finished `dev` profile [unoptimized + debuginfo] target(s) in 8.31s
Checking rust/scripts/check-version-modification.rs
    Updating crates.io index
     Locking 5 packages to latest compatible versions
    Checking memchr v2.8.0
    Checking regex-syntax v0.8.10
    Checking aho-corasick v1.1.4
    Checking regex-automata v0.4.14
    Checking regex v1.12.3
    Checking check-version-modification_28337beda86e8135a3fcd3f3 v0.1.0 (/home/box/.cache/rust-script/projects/28337beda86e8135a3fcd3f3)
    Finished `dev` profile [unoptimized + debuginfo] target(s) in 2.52s
Checking rust/scripts/collect-changelog.rs
    Updating crates.io index
     Locking 41 packages to latest compatible versions
   Compiling autocfg v1.5.0
    Checking memchr v2.8.0
    Checking regex-syntax v0.8.10
    Checking iana-time-zone v0.1.65
   Compiling num-traits v0.2.19
    Checking aho-corasick v1.1.4
    Checking chrono v0.4.44
    Checking regex-automata v0.4.14
    Checking regex v1.12.3
    Checking collect-changelog_f0a19602394327094fb08c67 v0.1.0 (/home/box/.cache/rust-script/projects/f0a19602394327094fb08c67)
    Finished `dev` profile [unoptimized + debuginfo] target(s) in 2.67s
Checking rust/scripts/create-changelog-fragment.rs
    Updating crates.io index
     Locking 36 packages to latest compatible versions
   Compiling autocfg v1.5.0
    Checking iana-time-zone v0.1.65
   Compiling num-traits v0.2.19
    Checking chrono v0.4.44
    Checking create-changelog-fragment_580975223e7f0e23f600bfd2 v0.1.0 (/home/box/.cache/rust-script/projects/580975223e7f0e23f600bfd2)
    Finished `dev` profile [unoptimized + debuginfo] target(s) in 1.65s
Checking rust/scripts/create-github-release.rs
    Updating crates.io index
     Locking 15 packages to latest compatible versions
   Compiling proc-macro2 v1.0.106
   Compiling quote v1.0.45
   Compiling unicode-ident v1.0.24
   Compiling serde_core v1.0.228
    Checking memchr v2.8.0
   Compiling zmij v1.0.21
   Compiling serde v1.0.228
   Compiling serde_json v1.0.149
    Checking regex-syntax v0.8.10
    Checking aho-corasick v1.1.4
    Checking itoa v1.0.18
   Compiling syn v2.0.117
    Checking regex-automata v0.4.14
   Compiling serde_derive v1.0.228
    Checking regex v1.12.3
    Checking create-github-release_23e670a2979ccee61cb448c2 v0.1.0 (/home/box/.cache/rust-script/projects/23e670a2979ccee61cb448c2)
    Finished `dev` profile [unoptimized + debuginfo] target(s) in 4.68s
Checking rust/scripts/detect-code-changes.rs
    Updating crates.io index
     Locking 5 packages to latest compatible versions
    Checking memchr v2.8.0
    Checking regex-syntax v0.8.10
    Checking aho-corasick v1.1.4
    Checking regex-automata v0.4.14
    Checking regex v1.12.3
    Checking detect-code-changes_79d6362dc06b50f2ff8b5e43 v0.1.0 (/home/box/.cache/rust-script/projects/79d6362dc06b50f2ff8b5e43)
    Finished `dev` profile [unoptimized + debuginfo] target(s) in 2.62s
Checking rust/scripts/get-bump-type.rs
    Updating crates.io index
     Locking 5 packages to latest compatible versions
    Checking memchr v2.8.0
    Checking regex-syntax v0.8.10
    Checking aho-corasick v1.1.4
    Checking regex-automata v0.4.14
    Checking regex v1.12.3
    Checking get-bump-type_79a8ff79e0283d2c28e5adf2 v0.1.0 (/home/box/.cache/rust-script/projects/79a8ff79e0283d2c28e5adf2)
    Finished `dev` profile [unoptimized + debuginfo] target(s) in 2.55s
Checking rust/scripts/get-version.rs
    Updating crates.io index
     Locking 5 packages to latest compatible versions
    Checking memchr v2.8.0
    Checking regex-syntax v0.8.10
    Checking aho-corasick v1.1.4
    Checking regex-automata v0.4.14
    Checking regex v1.12.3
    Checking get-version_16289e3804f917990166e45b v0.1.0 (/home/box/.cache/rust-script/projects/16289e3804f917990166e45b)
    Finished `dev` profile [unoptimized + debuginfo] target(s) in 2.49s
Checking rust/scripts/git-config.rs
    Checking git-config_622075a83992f9b29c3dd161 v0.1.0 (/home/box/.cache/rust-script/projects/622075a83992f9b29c3dd161)
    Finished `dev` profile [unoptimized + debuginfo] target(s) in 0.10s
Checking rust/scripts/publish-crate.rs
    Updating crates.io index
     Locking 75 packages to latest compatible versions
      Adding ureq v2.12.1 (available: v3.3.0)
   Compiling proc-macro2 v1.0.106
   Compiling unicode-ident v1.0.24
   Compiling quote v1.0.45
    Checking stable_deref_trait v1.2.1
    Checking writeable v0.6.3
   Compiling shlex v1.3.0
   Compiling find-msvc-tools v0.1.9
    Checking litemap v0.8.2
   Compiling icu_properties_data v2.2.0
   Compiling cc v1.2.62
    Checking cfg-if v1.0.4
   Compiling libc v0.2.186
    Checking utf8_iter v1.0.4
   Compiling icu_normalizer_data v2.2.0
    Checking zeroize v1.8.2
    Checking rustls-pki-types v1.14.1
    Checking smallvec v1.15.1
   Compiling crc32fast v1.5.0
    Checking untrusted v0.9.0
   Compiling rustls v0.23.40
    Checking adler2 v2.0.1
    Checking memchr v2.8.0
    Checking percent-encoding v2.3.2
   Compiling syn v2.0.117
    Checking simd-adler32 v0.3.9
    Checking form_urlencoded v1.2.2
    Checking miniz_oxide v0.8.9
    Checking aho-corasick v1.1.4
    Checking webpki-roots v1.0.7
    Checking getrandom v0.2.17
    Checking log v0.4.29
    Checking once_cell v1.21.4
    Checking subtle v2.6.1
    Checking regex-syntax v0.8.10
    Checking flate2 v1.1.9
    Checking webpki-roots v0.26.11
    Checking base64 v0.22.1
   Compiling ring v0.17.14
    Checking regex-automata v0.4.14
   Compiling synstructure v0.13.2
   Compiling zerovec-derive v0.11.3
   Compiling displaydoc v0.2.5
   Compiling zerofrom-derive v0.1.7
   Compiling yoke-derive v0.8.2
    Checking zerofrom v0.1.8
    Checking yoke v0.8.2
    Checking regex v1.12.3
    Checking zerovec v0.11.6
    Checking zerotrie v0.2.4
    Checking tinystr v0.8.3
    Checking potential_utf v0.1.5
    Checking icu_collections v2.2.0
    Checking icu_locale_core v2.2.0
    Checking icu_provider v2.2.0
    Checking icu_properties v2.2.0
    Checking icu_normalizer v2.2.0
    Checking rustls-webpki v0.103.13
    Checking idna_adapter v1.2.2
    Checking idna v1.1.0
    Checking url v2.5.8
    Checking ureq v2.12.1
    Checking publish-crate_ec7d154008b8cd77b8c96734 v0.1.0 (/home/box/.cache/rust-script/projects/ec7d154008b8cd77b8c96734)
    Finished `dev` profile [unoptimized + debuginfo] target(s) in 7.79s
Checking rust/scripts/version-and-commit.rs
    Finished `dev` profile [unoptimized + debuginfo] target(s) in 0.06s
Checking rust/scripts/wait-for-crate.rs
    Updating crates.io index
     Locking 75 packages to latest compatible versions
      Adding ureq v2.12.1 (available: v3.3.0)
   Compiling proc-macro2 v1.0.106
   Compiling quote v1.0.45
   Compiling unicode-ident v1.0.24
    Checking stable_deref_trait v1.2.1
    Checking writeable v0.6.3
    Checking litemap v0.8.2
   Compiling find-msvc-tools v0.1.9
   Compiling shlex v1.3.0
   Compiling icu_normalizer_data v2.2.0
   Compiling libc v0.2.186
   Compiling cc v1.2.62
    Checking utf8_iter v1.0.4
   Compiling icu_properties_data v2.2.0
    Checking cfg-if v1.0.4
    Checking zeroize v1.8.2
    Checking smallvec v1.15.1
    Checking rustls-pki-types v1.14.1
   Compiling crc32fast v1.5.0
    Checking untrusted v0.9.0
   Compiling rustls v0.23.40
    Checking simd-adler32 v0.3.9
    Checking adler2 v2.0.1
    Checking percent-encoding v2.3.2
    Checking memchr v2.8.0
    Checking form_urlencoded v1.2.2
   Compiling syn v2.0.117
    Checking miniz_oxide v0.8.9
    Checking webpki-roots v1.0.7
    Checking aho-corasick v1.1.4
    Checking subtle v2.6.1
    Checking getrandom v0.2.17
    Checking log v0.4.29
    Checking once_cell v1.21.4
    Checking regex-syntax v0.8.10
    Checking flate2 v1.1.9
    Checking webpki-roots v0.26.11
    Checking base64 v0.22.1
   Compiling ring v0.17.14
    Checking regex-automata v0.4.14
   Compiling synstructure v0.13.2
   Compiling zerofrom-derive v0.1.7
   Compiling yoke-derive v0.8.2
   Compiling zerovec-derive v0.11.3
   Compiling displaydoc v0.2.5
    Checking zerofrom v0.1.8
    Checking yoke v0.8.2
    Checking zerovec v0.11.6
    Checking zerotrie v0.2.4
    Checking regex v1.12.3
    Checking tinystr v0.8.3
    Checking potential_utf v0.1.5
    Checking icu_collections v2.2.0
    Checking icu_locale_core v2.2.0
    Checking rustls-webpki v0.103.13
    Checking icu_provider v2.2.0
    Checking icu_normalizer v2.2.0
    Checking icu_properties v2.2.0
    Checking idna_adapter v1.2.2
    Checking idna v1.1.0
    Checking url v2.5.8
    Checking ureq v2.12.1
    Checking wait-for-crate_0c72db7b75e19f2915bfa35c v0.1.0 (/home/box/.cache/rust-script/projects/0c72db7b75e19f2915bfa35c)
    Finished `dev` profile [unoptimized + debuginfo] target(s) in 8.04s
