[2026-05-16T19:28:56Z INFO  rust_script] Arguments: Args { script: Some("rust/scripts/build-docs-site.rs"), script_args: [], expr: false, loop_: false, count: false, base_path: None, pkg_path: None, gen_pkg_only: false, cargo_output: false, clear_cache: false, debug: false, dep: [], extern_: [], force: false, unstable_features: [], build_kind: Normal, toolchain_version: None, wrapper: None }
[2026-05-16T19:28:56Z INFO  rust_script] input: File("build-docs-site", "/tmp/gh-issue-solver-1778957708011/rust/scripts/build-docs-site.rs", "#!/usr/bin/env rust-script\n//! Build a small static documentation site for GitHub Pages.\n\nuse std::fs;\nuse std::path::{Path, PathBuf};\n\nfn escape_html(value: &str) -> String {\n    value\n        .replace('&', \"&amp;\")\n        .replace('<', \"&lt;\")\n        .replace('>', \"&gt;\")\n        .replace('\"', \"&quot;\")\n}\n\nfn read_markdown(path: &Path) -> String {\n    escape_html(\n        &fs::read_to_string(path)\n            .unwrap_or_else(|_| panic!(\"failed to read markdown source {}\", path.display())),\n    )\n}\n\nfn page(title: &str, sections: &[(&str, &str, String)]) -> String {\n    let nav = sections\n        .iter()\n        .map(|(id, label, _)| format!(r##\"<a href=\"#{id}\">{}</a>\"##, escape_html(label)))\n        .collect::<Vec<_>>()\n        .join(\"\");\n\n    let body = sections\n        .iter()\n        .map(|(id, label, markdown)| {\n            format!(\n                r#\"<section id=\"{id}\"><h2>{}</h2><pre>{markdown}</pre></section>\"#,\n                escape_html(label)\n            )\n        })\n        .collect::<Vec<_>>()\n        .join(\"\\n\");\n\n    format!(\n        r#\"<!doctype html>\n<html lang=\"en\">\n  <head>\n    <meta charset=\"utf-8\">\n    <meta name=\"viewport\" content=\"width=device-width, initial-scale=1\">\n    <title>{}</title>\n    <style>\n      :root {{\n        color-scheme: light dark;\n        font-family: ui-sans-serif, system-ui, -apple-system, BlinkMacSystemFont, \"Segoe UI\", sans-serif;\n        line-height: 1.55;\n      }}\n      body {{\n        margin: 0;\n        color: #1d2430;\n        background: #f7f8fb;\n      }}\n      header {{\n        padding: 32px clamp(20px, 5vw, 64px);\n        background: #ffffff;\n        border-bottom: 1px solid #d9dee8;\n      }}\n      main {{\n        max-width: 1120px;\n        margin: 0 auto;\n        padding: 24px clamp(16px, 4vw, 40px) 56px;\n      }}\n      nav {{\n        display: flex;\n        flex-wrap: wrap;\n        gap: 12px;\n        margin-top: 16px;\n      }}\n      nav a {{\n        color: #175ca8;\n        text-decoration: none;\n        font-weight: 650;\n      }}\n      section {{\n        margin-top: 28px;\n      }}\n      pre {{\n        overflow-x: auto;\n        white-space: pre-wrap;\n        padding: 20px;\n        background: #ffffff;\n        border: 1px solid #d9dee8;\n        border-radius: 8px;\n      }}\n      @media (prefers-color-scheme: dark) {{\n        body {{\n          color: #edf1f7;\n          background: #10141b;\n        }}\n        header,\n        pre {{\n          background: #171d26;\n          border-color: #313a48;\n        }}\n        nav a {{\n          color: #8bc3ff;\n        }}\n      }}\n    </style>\n  </head>\n  <body>\n    <header>\n      <h1>{}</h1>\n      <p>Generated Rust crate documentation and repository docs.</p>\n      <nav>{nav}</nav>\n    </header>\n    <main>{body}</main>\n  </body>\n</html>\n\"#,\n        escape_html(title),\n        escape_html(title)\n    )\n}\n\nfn copy_dir_recursive(from: &Path, to: &Path) -> std::io::Result<()> {\n    if !from.exists() {\n        return Ok(());\n    }\n\n    fs::create_dir_all(to)?;\n    for entry in fs::read_dir(from)? {\n        let entry = entry?;\n        let source = entry.path();\n        let destination = to.join(entry.file_name());\n        if source.is_dir() {\n            copy_dir_recursive(&source, &destination)?;\n        } else {\n            fs::copy(&source, &destination)?;\n        }\n    }\n    Ok(())\n}\n\nfn main() {\n    let repo_root = PathBuf::from(\".\");\n    let rust_root = repo_root.join(\"rust\");\n    let site_root = rust_root.join(\"site\");\n\n    fs::create_dir_all(&site_root).expect(\"failed to create site directory\");\n    fs::write(\n        site_root.join(\"index.html\"),\n        page(\n            \"lino-i18n Rust Docs\",\n            &[\n                (\n                    \"crate\",\n                    \"Rust Runtime Crate\",\n                    read_markdown(&rust_root.join(\"lino-i18n/README.md\")),\n                ),\n                (\n                    \"macros\",\n                    \"Rust Macro Crate\",\n                    read_markdown(&rust_root.join(\"lino-i18n-macros/README.md\")),\n                ),\n                (\n                    \"repository\",\n                    \"Repository Overview\",\n                    read_markdown(&repo_root.join(\"README.md\")),\n                ),\n                (\n                    \"changelog\",\n                    \"Changelog\",\n                    read_markdown(&rust_root.join(\"CHANGELOG.md\")),\n                ),\n            ],\n        ),\n    )\n    .expect(\"failed to write docs index\");\n\n    copy_dir_recursive(&rust_root.join(\"target/doc\"), &site_root.join(\"rustdoc\"))\n        .expect(\"failed to copy rustdoc output\");\n\n    println!(\"Generated Rust docs site at {}\", site_root.display());\n}\n", "/tmp/gh-issue-solver-1778957708011/rust/scripts")
[2026-05-16T19:28:56Z INFO  rust_script] prelude_items: []
[2026-05-16T19:28:56Z INFO  rust_script] id: "361481e8ff0befcfbca77e38"
[2026-05-16T19:28:56Z INFO  rust_script] pkg_path: "/home/box/.cache/rust-script/projects/361481e8ff0befcfbca77e38"
[2026-05-16T19:28:56Z INFO  rust_script] using_cache: true
[2026-05-16T19:28:56Z INFO  rust_script::manifest] part_mani: {}
[2026-05-16T19:28:56Z INFO  rust_script::manifest] source: None
[2026-05-16T19:28:56Z INFO  rust_script::manifest] manifest: [[bin]]
    name = "build-docs-site_361481e8ff0befcfbca77e38"
    path = "/tmp/gh-issue-solver-1778957708011/rust/scripts/build-docs-site.rs"

    [dependencies]

    [package]
    authors = ["Anonymous"]
    edition = "2021"
    name = "build-docs-site_361481e8ff0befcfbca77e38"
    version = "0.1.0"

    [profile.release]
    strip = true

[2026-05-16T19:28:56Z INFO  rust_script] action: InputAction { cargo_output: false, force_compile: false, execute: true, pkg_path: "/home/box/.cache/rust-script/projects/361481e8ff0befcfbca77e38", script_path: "/tmp/gh-issue-solver-1778957708011/rust/scripts/build-docs-site.rs", using_cache: true, toolchain_version: None, debug: false, manifest: "[[bin]]\nname = \"build-docs-site_361481e8ff0befcfbca77e38\"\npath = \"/tmp/gh-issue-solver-1778957708011/rust/scripts/build-docs-site.rs\"\n\n[dependencies]\n\n[package]\nauthors = [\"Anonymous\"]\nedition = \"2021\"\nname = \"build-docs-site_361481e8ff0befcfbca77e38\"\nversion = \"0.1.0\"\n\n[profile.release]\nstrip = true\n", script: None, build_kind: Normal, bin_name: "build-docs-site_361481e8ff0befcfbca77e38", original_script_path: Some("rust/scripts/build-docs-site.rs") }
[2026-05-16T19:28:56Z INFO  rust_script] creating pkg dir...
[2026-05-16T19:28:56Z INFO  rust_script] generating Cargo package...
[2026-05-16T19:28:56Z DEBUG rust_script] overwrite_file("/home/box/.cache/rust-script/projects/361481e8ff0befcfbca77e38/Cargo.toml", _)
[2026-05-16T19:28:56Z DEBUG rust_script] Equal content
[2026-05-16T19:28:56Z INFO  rust_script] disarming pkg dir cleanup...
[2026-05-16T19:28:56Z DEBUG rust_script] Keeping old binary
Generated Rust docs site at ./rust/site
