[2026-05-16T19:14:45Z INFO  rust_script] Arguments: Args { script: Some("rust/scripts/detect-code-changes.rs"), script_args: [], expr: false, loop_: false, count: false, base_path: None, pkg_path: None, gen_pkg_only: false, cargo_output: false, clear_cache: false, debug: false, dep: [], extern_: [], force: false, unstable_features: [], build_kind: Normal, toolchain_version: None, wrapper: None }
[2026-05-16T19:14:45Z INFO  rust_script] input: File("detect-code-changes", "/tmp/gh-issue-solver-1778957708011/rust/scripts/detect-code-changes.rs", "#!/usr/bin/env rust-script\n//! Detect code changes for CI/CD pipeline\n//!\n//! This script detects what types of files have changed in the latest commit\n//! and outputs the results for use in GitHub Actions workflow conditions.\n//!\n//! Key behavior:\n//! - For PRs: detects GitHub Actions' synthetic merge commit and uses\n//!   HEAD^2^..HEAD^2 to get the per-commit diff of the actual PR head,\n//!   so a commit touching only non-code files correctly skips CI jobs\n//!   even when earlier commits in the same PR touched code files.\n//! - For pushes: compares HEAD against HEAD^\n//! - Excludes certain folders and file types from \"code changes\" detection\n//!\n//! Excluded from code changes (don't require changelog fragments):\n//! - Markdown files (*.md) in any folder\n//! - changelog.d/ folder (changelog fragments)\n//! - docs/ folder (documentation)\n//! - experiments/ folder (experimental scripts)\n//! - examples/ folder (example scripts)\n//!\n//! Usage: rust-script scripts/detect-code-changes.rs\n//!\n//! Environment variables (set by GitHub Actions):\n//!   - GITHUB_EVENT_NAME: 'pull_request' or 'push'\n//!\n//! Outputs (written to GITHUB_OUTPUT):\n//!   - rs-changed: 'true' if any .rs files changed\n//!   - toml-changed: 'true' if any .toml files changed\n//!   - mjs-changed: 'true' if any .mjs files changed\n//!   - docs-changed: 'true' if any .md files changed\n//!   - workflow-changed: 'true' if any .github/workflows/ files changed\n//!   - any-code-changed: 'true' if any code files changed (excludes docs, changelog.d, experiments, examples)\n//!\n//! ```cargo\n//! [dependencies]\n//! regex = \"1\"\n//! ```\n\nuse std::env;\nuse std::fs;\nuse std::io::Write;\nuse std::process::Command;\nuse regex::Regex;\n\nfn exec(command: &str, args: &[&str]) -> String {\n    match Command::new(command).args(args).output() {\n        Ok(output) => {\n            if output.status.success() {\n                String::from_utf8_lossy(&output.stdout).trim().to_string()\n            } else {\n                eprintln!(\"Error executing {} {:?}\", command, args);\n                eprintln!(\"{}\", String::from_utf8_lossy(&output.stderr));\n                String::new()\n            }\n        }\n        Err(e) => {\n            eprintln!(\"Failed to execute {} {:?}: {}\", command, args, e);\n            String::new()\n        }\n    }\n}\n\nfn set_output(name: &str, value: &str) {\n    if let Ok(output_file) = env::var(\"GITHUB_OUTPUT\") {\n        if let Ok(mut file) = fs::OpenOptions::new().create(true).append(true).open(&output_file) {\n            let _ = writeln!(file, \"{}={}\", name, value);\n        }\n    }\n    println!(\"{}={}\", name, value);\n}\n\nfn is_merge_commit() -> bool {\n    let output = exec(\"git\", &[\"cat-file\", \"-p\", \"HEAD\"]);\n    output.lines().filter(|line| line.starts_with(\"parent \")).count() > 1\n}\n\nfn get_changed_files() -> Vec<String> {\n    // GitHub Actions checks out a synthetic merge commit for pull_request\n    // events: HEAD is the merge commit, HEAD^ is the base branch, HEAD^2\n    // is the actual PR head. To get the per-commit diff (what the latest\n    // push actually changed), we compare HEAD^2^ to HEAD^2.\n    // For push events, HEAD is the real commit, so HEAD^ to HEAD works.\n    if is_merge_commit() {\n        println!(\"Merge commit detected (pull_request event)\");\n        println!(\"Comparing HEAD^2^ to HEAD^2 (per-commit diff of PR head)\");\n        let output = exec(\"git\", &[\"diff\", \"--name-only\", \"HEAD^2^\", \"HEAD^2\"]);\n        if !output.is_empty() {\n            return output.lines().filter(|s| !s.is_empty()).map(String::from).collect();\n        }\n        // Fallback: first commit in PR, compare base to PR head\n        println!(\"HEAD^2^ not available (first commit in PR), comparing HEAD^ to HEAD^2\");\n        let output = exec(\"git\", &[\"diff\", \"--name-only\", \"HEAD^\", \"HEAD^2\"]);\n        if !output.is_empty() {\n            return output.lines().filter(|s| !s.is_empty()).map(String::from).collect();\n        }\n    }\n\n    println!(\"Comparing HEAD^ to HEAD\");\n    let output = exec(\"git\", &[\"diff\", \"--name-only\", \"HEAD^\", \"HEAD\"]);\n\n    if output.is_empty() {\n        println!(\"HEAD^ not available, listing all files in HEAD\");\n        let output = exec(\"git\", &[\"ls-tree\", \"--name-only\", \"-r\", \"HEAD\"]);\n        return output.lines().filter(|s| !s.is_empty()).map(String::from).collect();\n    }\n\n    output.lines().filter(|s| !s.is_empty()).map(String::from).collect()\n}\n\nfn is_excluded_from_code_changes(file_path: &str) -> bool {\n    // Exclude markdown files in any folder\n    if file_path.ends_with(\".md\") {\n        return true;\n    }\n\n    // Exclude specific folders from code changes\n    let excluded_folders = [\n        \"changelog.d/\",\n        \"rust/changelog.d/\",\n        \"docs/\",\n        \"rust/docs/\",\n        \"experiments/\",\n        \"rust/experiments/\",\n        \"examples/\",\n        \"rust/examples/\",\n    ];\n\n    for folder in &excluded_folders {\n        if file_path.starts_with(folder) {\n            return true;\n        }\n    }\n\n    false\n}\n\nfn main() {\n    println!(\"Detecting file changes for CI/CD...\\n\");\n\n    let changed_files = get_changed_files();\n\n    println!(\"Changed files:\");\n    if changed_files.is_empty() {\n        println!(\"  (none)\");\n    } else {\n        for file in &changed_files {\n            println!(\"  {}\", file);\n        }\n    }\n    println!();\n\n    // Detect .rs file changes (Rust source)\n    let rs_changed = changed_files.iter().any(|f| f.ends_with(\".rs\"));\n    set_output(\"rs-changed\", if rs_changed { \"true\" } else { \"false\" });\n\n    // Detect .toml file changes (Cargo.toml, Cargo.lock, etc.)\n    let toml_changed = changed_files.iter().any(|f| f.ends_with(\".toml\"));\n    set_output(\"toml-changed\", if toml_changed { \"true\" } else { \"false\" });\n\n    // Detect .mjs file changes (scripts)\n    let mjs_changed = changed_files.iter().any(|f| f.ends_with(\".mjs\"));\n    set_output(\"mjs-changed\", if mjs_changed { \"true\" } else { \"false\" });\n\n    // Detect documentation changes (any .md file)\n    let docs_changed = changed_files.iter().any(|f| f.ends_with(\".md\"));\n    set_output(\"docs-changed\", if docs_changed { \"true\" } else { \"false\" });\n\n    // Detect workflow changes\n    let workflow_changed = changed_files.iter().any(|f| f.starts_with(\".github/workflows/\"));\n    set_output(\"workflow-changed\", if workflow_changed { \"true\" } else { \"false\" });\n\n    // Detect code changes (excluding docs, changelog.d, experiments, examples folders, and markdown files)\n    let code_changed_files: Vec<&String> = changed_files\n        .iter()\n        .filter(|f| !is_excluded_from_code_changes(f))\n        .collect();\n\n    println!(\"\\nFiles considered as code changes:\");\n    if code_changed_files.is_empty() {\n        println!(\"  (none)\");\n    } else {\n        for file in &code_changed_files {\n            println!(\"  {}\", file);\n        }\n    }\n    println!();\n\n    // Check if any code files changed (.rs, .toml, .mjs, .yml, .yaml, or workflow files)\n    let code_pattern = Regex::new(r\"\\.(rs|toml|mjs|js|yml|yaml)$|\\.github/workflows/\").unwrap();\n    let code_changed = code_changed_files.iter().any(|f| code_pattern.is_match(f));\n    set_output(\"any-code-changed\", if code_changed { \"true\" } else { \"false\" });\n\n    println!(\"\\nChange detection completed.\");\n}\n", "/tmp/gh-issue-solver-1778957708011/rust/scripts")
[2026-05-16T19:14:45Z INFO  rust_script] prelude_items: []
[2026-05-16T19:14:45Z INFO  rust_script] id: "86344f5050ccef5bb6f0ff64"
[2026-05-16T19:14:45Z INFO  rust_script] pkg_path: "/home/box/.cache/rust-script/projects/86344f5050ccef5bb6f0ff64"
[2026-05-16T19:14:45Z INFO  rust_script] using_cache: true
[2026-05-16T19:14:45Z INFO  rust_script::manifest] part_mani: {"dependencies": Table({"regex": String("1")})}
[2026-05-16T19:14:45Z INFO  rust_script::manifest] source: None
[2026-05-16T19:14:45Z INFO  rust_script::manifest] manifest: [[bin]]
    name = "detect-code-changes_86344f5050ccef5bb6f0ff64"
    path = "/tmp/gh-issue-solver-1778957708011/rust/scripts/detect-code-changes.rs"

    [dependencies]
    regex = "1"

    [package]
    authors = ["Anonymous"]
    edition = "2021"
    name = "detect-code-changes_86344f5050ccef5bb6f0ff64"
    version = "0.1.0"

    [profile.release]
    strip = true

[2026-05-16T19:14:45Z INFO  rust_script] action: InputAction { cargo_output: false, force_compile: false, execute: true, pkg_path: "/home/box/.cache/rust-script/projects/86344f5050ccef5bb6f0ff64", script_path: "/tmp/gh-issue-solver-1778957708011/rust/scripts/detect-code-changes.rs", using_cache: true, toolchain_version: None, debug: false, manifest: "[[bin]]\nname = \"detect-code-changes_86344f5050ccef5bb6f0ff64\"\npath = \"/tmp/gh-issue-solver-1778957708011/rust/scripts/detect-code-changes.rs\"\n\n[dependencies]\nregex = \"1\"\n\n[package]\nauthors = [\"Anonymous\"]\nedition = \"2021\"\nname = \"detect-code-changes_86344f5050ccef5bb6f0ff64\"\nversion = \"0.1.0\"\n\n[profile.release]\nstrip = true\n", script: None, build_kind: Normal, bin_name: "detect-code-changes_86344f5050ccef5bb6f0ff64", original_script_path: Some("rust/scripts/detect-code-changes.rs") }
[2026-05-16T19:14:45Z INFO  rust_script] creating pkg dir...
[2026-05-16T19:14:45Z INFO  rust_script] generating Cargo package...
[2026-05-16T19:14:45Z DEBUG rust_script] overwrite_file("/home/box/.cache/rust-script/projects/86344f5050ccef5bb6f0ff64/Cargo.toml", _)
[2026-05-16T19:14:45Z DEBUG rust_script] .. files differ
[2026-05-16T19:14:45Z INFO  rust_script] disarming pkg dir cleanup...
[2026-05-16T19:14:45Z DEBUG rust_script] No old binary found
Detecting file changes for CI/CD...

Comparing HEAD^ to HEAD
Changed files:
  .gitkeep

rs-changed=false
toml-changed=false
mjs-changed=false
docs-changed=false
workflow-changed=false

Files considered as code changes:
  .gitkeep

any-code-changed=false

Change detection completed.
