[2026-05-16T19:18:58Z INFO  rust_script] Arguments: Args { script: Some("rust/scripts/publish-crate.rs"), script_args: [], expr: false, loop_: false, count: false, base_path: None, pkg_path: Some("/tmp/lino-rust-script-publish-check"), gen_pkg_only: true, cargo_output: false, clear_cache: false, debug: false, dep: [], extern_: [], force: false, unstable_features: [], build_kind: Normal, toolchain_version: None, wrapper: None }
[2026-05-16T19:18:58Z INFO  rust_script] input: File("publish-crate", "/tmp/gh-issue-solver-1778957708011/rust/scripts/publish-crate.rs", "#!/usr/bin/env rust-script\n//! Publish package to crates.io\n//!\n//! This script publishes the Rust package to crates.io and handles\n//! the case where the version already exists.\n//!\n//! Supports both single-language and multi-language repository structures:\n//! - Single-language: Cargo.toml in repository root\n//! - Multi-language: Cargo.toml in rust/ subfolder\n//!\n//! Usage: rust-script scripts/publish-crate.rs [--token <token>] [--rust-root <path>]\n//!\n//! Environment variables (checked in order of priority):\n//!   - CARGO_REGISTRY_TOKEN: Cargo's native crates.io token (preferred)\n//!   - CARGO_TOKEN: Alternative token name for backwards compatibility\n//!\n//! Outputs (written to GITHUB_OUTPUT):\n//!   - publish_result: 'success', 'already_exists', or 'failed'\n//!\n//! ```cargo\n//! [dependencies]\n//! regex = \"1\"\n//! ureq = \"2\"\n//! ```\n\nuse std::env;\nuse std::fs;\nuse std::io::Write;\nuse std::path::PathBuf;\nuse std::process::{exit, Command};\nuse std::thread;\nuse std::time::Duration;\n\n#[path = \"rust-paths.rs\"]\nmod rust_paths;\n\nfn get_arg(name: &str) -> Option<String> {\n    let args: Vec<String> = env::args().collect();\n    let flag = format!(\"--{}\", name);\n\n    if let Some(idx) = args.iter().position(|a| a == &flag) {\n        return args.get(idx + 1).cloned();\n    }\n\n    None\n}\n\nfn needs_cd(rust_root: &str) -> bool {\n    rust_root != \".\"\n}\n\nfn set_output(key: &str, value: &str) {\n    if let Ok(output_file) = env::var(\"GITHUB_OUTPUT\") {\n        if let Ok(mut file) = fs::OpenOptions::new()\n            .create(true)\n            .append(true)\n            .open(&output_file)\n        {\n            let _ = writeln!(file, \"{}={}\", key, value);\n        }\n    }\n    println!(\"Output: {}={}\", key, value);\n}\n\nfn publish_order_key(manifest: &PathBuf) -> String {\n    let package = rust_paths::read_package_info(manifest).ok();\n    let name = package.map_or_else(String::new, |info| info.name);\n\n    if name.ends_with(\"-macros\") {\n        format!(\"0-{name}\")\n    } else {\n        format!(\"1-{name}\")\n    }\n}\n\nfn crate_version_exists(crate_name: &str, version: &str) -> bool {\n    let url = format!(\"https://crates.io/api/v1/crates/{}/{}\", crate_name, version);\n\n    match ureq::get(&url)\n        .set(\"User-Agent\", \"rust-script-publish-crate\")\n        .call()\n    {\n        Ok(response) => response.status() == 200,\n        Err(ureq::Error::Status(404, _)) => false,\n        Err(e) => {\n            eprintln!(\"Warning: Could not check crates.io: {}\", e);\n            false\n        }\n    }\n}\n\nfn wait_for_crate_version(crate_name: &str, version: &str) -> Result<(), i32> {\n    const MAX_ATTEMPTS: u64 = 30;\n    const SLEEP_SECONDS: u64 = 10;\n\n    for attempt in 1..=MAX_ATTEMPTS {\n        if crate_version_exists(crate_name, version) {\n            println!(\n                \"{}@{} is visible on crates.io after attempt {}\",\n                crate_name, version, attempt\n            );\n            return Ok(());\n        }\n\n        if attempt < MAX_ATTEMPTS {\n            println!(\n                \"{}@{} is not visible on crates.io yet (attempt {}/{}); waiting {}s\",\n                crate_name, version, attempt, MAX_ATTEMPTS, SLEEP_SECONDS\n            );\n            thread::sleep(Duration::from_secs(SLEEP_SECONDS));\n        }\n    }\n\n    eprintln!(\n        \"Error: {}@{} was not visible on crates.io after {} attempts\",\n        crate_name, version, MAX_ATTEMPTS\n    );\n    Err(1)\n}\n\nfn publish_one(manifest: &PathBuf, rust_root: &str, token: Option<&String>) -> Result<String, i32> {\n    let package_info = match rust_paths::read_package_info(manifest) {\n        Ok(info) => info,\n        Err(e) => {\n            eprintln!(\"Error: {}\", e);\n            return Err(1);\n        }\n    };\n    let name = package_info.name;\n    let version = package_info.version;\n\n    println!(\"Package: {}@{}\", name, version);\n\n    if name == \"example-sum-package-name\" {\n        println!(\n            \"Skipping publish: package name is the template default 'example-sum-package-name'\"\n        );\n        return Ok(name);\n    }\n\n    if crate_version_exists(&name, &version) {\n        println!(\n            \"Skipping publish: {}@{} already exists on crates.io\",\n            name, version\n        );\n        return Ok(name);\n    }\n\n    let mut cmd = Command::new(\"cargo\");\n    cmd.arg(\"publish\").arg(\"--allow-dirty\").arg(\"-p\").arg(&name);\n\n    if let Some(t) = token {\n        cmd.arg(\"--token\").arg(t);\n    }\n\n    if needs_cd(rust_root) {\n        cmd.current_dir(rust_root);\n    }\n\n    let output = cmd.output().expect(\"Failed to execute cargo publish\");\n\n    if output.status.success() {\n        println!(\"Successfully published {}@{} to crates.io\", name, version);\n        if name.ends_with(\"-macros\") {\n            wait_for_crate_version(&name, &version)?;\n        }\n        return Ok(name);\n    }\n\n    let stderr = String::from_utf8_lossy(&output.stderr);\n    let stdout = String::from_utf8_lossy(&output.stdout);\n    let combined = format!(\"{}\\n{}\", stdout, stderr);\n\n    if combined.contains(\"already uploaded\") || combined.contains(\"already exists\") {\n        eprintln!();\n        eprintln!(\"=== VERSION ALREADY PUBLISHED ===\");\n        eprintln!(\n            \"Version {} of {} already exists on crates.io.\",\n            version, name\n        );\n        return Ok(name);\n    }\n\n    if combined.contains(\"non-empty token\")\n        || combined.contains(\"please provide a\")\n        || combined.contains(\"unauthorized\")\n        || combined.contains(\"authentication\")\n    {\n        eprintln!();\n        eprintln!(\"=== AUTHENTICATION FAILURE ===\");\n        eprintln!(\"Configure CARGO_REGISTRY_TOKEN or CARGO_TOKEN for crates.io publishing.\");\n        return Err(1);\n    }\n\n    eprintln!(\"Failed to publish {name} for unknown reason\");\n    eprintln!(\"{combined}\");\n    Err(1)\n}\n\nfn main() {\n    let rust_root = match rust_paths::get_rust_root(None, true) {\n        Ok(root) => root,\n        Err(e) => {\n            eprintln!(\"Error: {}\", e);\n            exit(1);\n        }\n    };\n    let cargo_toml = rust_paths::get_cargo_toml_path(&rust_root);\n    let mut package_manifests = match rust_paths::get_publishable_member_manifests(&cargo_toml) {\n        Ok(paths) => paths,\n        Err(e) => {\n            eprintln!(\"Error: {}\", e);\n            exit(1);\n        }\n    };\n    package_manifests.sort_by_key(publish_order_key);\n\n    // Get token from CLI arg, then env vars\n    let token = get_arg(\"token\")\n        .or_else(|| {\n            env::var(\"CARGO_REGISTRY_TOKEN\")\n                .ok()\n                .filter(|s| !s.is_empty())\n        })\n        .or_else(|| env::var(\"CARGO_TOKEN\").ok().filter(|s| !s.is_empty()));\n\n    println!();\n    println!(\"=== Attempting to publish to crates.io ===\");\n\n    if token.is_none() {\n        println!(\"::warning::Neither CARGO_REGISTRY_TOKEN nor CARGO_TOKEN is set, attempting publish without explicit token\");\n        println!();\n        println!(\"To fix this, ensure one of the following secrets is configured:\");\n        println!(\"  - CARGO_REGISTRY_TOKEN (Cargo's native env var, preferred)\");\n        println!(\"  - CARGO_TOKEN (alternative for backwards compatibility)\");\n        println!();\n        println!(\"For organization secrets, you may need to map the secret name in your workflow:\");\n        println!(\"  env:\");\n        println!(\"    CARGO_REGISTRY_TOKEN: ${{{{ secrets.CARGO_TOKEN }}}}\");\n        println!();\n    } else {\n        println!(\"Using provided authentication token\");\n    }\n\n    let mut published = Vec::new();\n    for manifest in &package_manifests {\n        match publish_one(manifest, &rust_root, token.as_ref()) {\n            Ok(name) => published.push(name),\n            Err(code) => {\n                set_output(\"publish_result\", \"failed\");\n                exit(code);\n            }\n        }\n    }\n\n    set_output(\"publish_result\", \"success\");\n    set_output(\"published_crates\", &published.join(\",\"));\n}\n", "/tmp/gh-issue-solver-1778957708011/rust/scripts")
[2026-05-16T19:18:58Z INFO  rust_script] prelude_items: []
[2026-05-16T19:18:58Z INFO  rust_script] id: "c39ce7d558fdc697b6a8524b"
[2026-05-16T19:18:58Z INFO  rust_script] pkg_path: "/tmp/lino-rust-script-publish-check"
[2026-05-16T19:18:58Z INFO  rust_script] using_cache: false
[2026-05-16T19:18:58Z INFO  rust_script::manifest] part_mani: {"dependencies": Table({"regex": String("1"), "ureq": String("2")})}
[2026-05-16T19:18:58Z INFO  rust_script::manifest] source: None
[2026-05-16T19:18:58Z INFO  rust_script::manifest] manifest: [[bin]]
    name = "publish-crate_c39ce7d558fdc697b6a8524b"
    path = "/tmp/gh-issue-solver-1778957708011/rust/scripts/publish-crate.rs"

    [dependencies]
    regex = "1"
    ureq = "2"

    [package]
    authors = ["Anonymous"]
    edition = "2021"
    name = "publish-crate_c39ce7d558fdc697b6a8524b"
    version = "0.1.0"

    [profile.release]
    strip = true

[2026-05-16T19:18:58Z INFO  rust_script] action: InputAction { cargo_output: false, force_compile: false, execute: false, pkg_path: "/tmp/lino-rust-script-publish-check", script_path: "/tmp/gh-issue-solver-1778957708011/rust/scripts/publish-crate.rs", using_cache: false, toolchain_version: None, debug: false, manifest: "[[bin]]\nname = \"publish-crate_c39ce7d558fdc697b6a8524b\"\npath = \"/tmp/gh-issue-solver-1778957708011/rust/scripts/publish-crate.rs\"\n\n[dependencies]\nregex = \"1\"\nureq = \"2\"\n\n[package]\nauthors = [\"Anonymous\"]\nedition = \"2021\"\nname = \"publish-crate_c39ce7d558fdc697b6a8524b\"\nversion = \"0.1.0\"\n\n[profile.release]\nstrip = true\n", script: None, build_kind: Normal, bin_name: "publish-crate_c39ce7d558fdc697b6a8524b", original_script_path: Some("rust/scripts/publish-crate.rs") }
[2026-05-16T19:18:58Z INFO  rust_script] creating pkg dir...
[2026-05-16T19:18:58Z INFO  rust_script] generating Cargo package...
[2026-05-16T19:18:58Z DEBUG rust_script] overwrite_file("/tmp/lino-rust-script-publish-check/Cargo.toml", _)
[2026-05-16T19:18:58Z DEBUG rust_script] .. files differ
[2026-05-16T19:18:58Z INFO  rust_script] disarming pkg dir cleanup...
/tmp/lino-rust-script-publish-check
[2026-05-16T19:18:58Z INFO  rust_script] cleaning cache with max_age: 604800000
[2026-05-16T19:18:58Z INFO  rust_script] cutoff:            1778354338471 ms
[2026-05-16T19:18:58Z INFO  rust_script] checking: "/home/box/.cache/rust-script/projects/3381028aa6bfa11e89a55930"
[2026-05-16T19:18:58Z INFO  rust_script] meta_mtime:        1778932194983 ms
[2026-05-16T19:18:58Z INFO  rust_script] checking: "/home/box/.cache/rust-script/projects/0e7f838c78399547fe25d26c"
[2026-05-16T19:18:58Z INFO  rust_script] meta_mtime:        1778958910519 ms
[2026-05-16T19:18:58Z INFO  rust_script] checking: "/home/box/.cache/rust-script/projects/3495c9231fcd9dee4c288a36"
[2026-05-16T19:18:58Z INFO  rust_script] meta_mtime:        1778890446261 ms
[2026-05-16T19:18:58Z INFO  rust_script] checking: "/home/box/.cache/rust-script/projects/7be9a58812e1033988a1978a"
[2026-05-16T19:18:58Z INFO  rust_script] meta_mtime:        1778942985023 ms
[2026-05-16T19:18:58Z INFO  rust_script] checking: "/home/box/.cache/rust-script/projects/21a026b3303cf5ee15913ff3"
[2026-05-16T19:18:58Z INFO  rust_script] meta_mtime:        1778958885990 ms
[2026-05-16T19:18:58Z INFO  rust_script] checking: "/home/box/.cache/rust-script/projects/d5807d669764a01fdbfb2369"
[2026-05-16T19:18:58Z INFO  rust_script] meta_mtime:        1778890713470 ms
[2026-05-16T19:18:58Z INFO  rust_script] checking: "/home/box/.cache/rust-script/projects/1a0b5e03d356ca58e2e5b984"
[2026-05-16T19:18:58Z INFO  rust_script] meta_mtime:        1778936327314 ms
[2026-05-16T19:18:58Z INFO  rust_script] checking: "/home/box/.cache/rust-script/projects/0022130de9dee961c3c2420d"
[2026-05-16T19:18:58Z INFO  rust_script] meta_mtime:        1778942651118 ms
[2026-05-16T19:18:58Z INFO  rust_script] checking: "/home/box/.cache/rust-script/projects/86344f5050ccef5bb6f0ff64"
[2026-05-16T19:18:58Z INFO  rust_script] meta_mtime:        1778958885953 ms
[2026-05-16T19:18:58Z INFO  rust_script] checking: "/home/box/.cache/rust-script/projects/4a657a73f0466a8fe7f387ca"
[2026-05-16T19:18:58Z INFO  rust_script] meta_mtime:        1778891460629 ms
[2026-05-16T19:18:58Z INFO  rust_script] checking: "/home/box/.cache/rust-script/projects/5352bdc8d1647b102660cabb"
[2026-05-16T19:18:58Z INFO  rust_script] meta_mtime:        1778936327358 ms
[2026-05-16T19:18:58Z INFO  rust_script] checking: "/home/box/.cache/rust-script/projects/9cf02d984b1e5977ddd8b2e8"
[2026-05-16T19:18:58Z INFO  rust_script] meta_mtime:        1778942978674 ms
[2026-05-16T19:18:58Z INFO  rust_script] checking: "/home/box/.cache/rust-script/projects/a378f87bc6dd9a102020cfdd"
[2026-05-16T19:18:58Z INFO  rust_script] meta_mtime:        1778932095031 ms
[2026-05-16T19:18:58Z INFO  rust_script] checking: "/home/box/.cache/rust-script/projects/bbd3fbe08d1a3c3131ec3625"
[2026-05-16T19:18:58Z INFO  rust_script] meta_mtime:        1778951430888 ms
[2026-05-16T19:18:58Z INFO  rust_script] checking: "/home/box/.cache/rust-script/projects/0a99fac48bf88d3f0779ad92"
[2026-05-16T19:18:58Z INFO  rust_script] meta_mtime:        1778890376568 ms
[2026-05-16T19:18:58Z INFO  rust_script] checking: "/home/box/.cache/rust-script/projects/4bd4fbcffec686fd427325d2"
[2026-05-16T19:18:58Z INFO  rust_script] meta_mtime:        1778942978711 ms
[2026-05-16T19:18:58Z INFO  rust_script] checking: "/home/box/.cache/rust-script/projects/9e209ed19f4b501a6943e3d6"
[2026-05-16T19:18:58Z INFO  rust_script] meta_mtime:        1778936242000 ms
[2026-05-16T19:18:58Z INFO  rust_script] checking: "/home/box/.cache/rust-script/projects/91255d195396fc7317b86e0b"
[2026-05-16T19:18:58Z INFO  rust_script] meta_mtime:        1778932226206 ms
[2026-05-16T19:18:58Z INFO  rust_script] checking: "/home/box/.cache/rust-script/projects/2b7cbff296015347bc8f44b2"
[2026-05-16T19:18:58Z INFO  rust_script] meta_mtime:        1778927877916 ms
[2026-05-16T19:18:58Z INFO  rust_script] done cleaning cache.
